// Jest Snapshot v1, https://goo.gl/fbAQLP

exports[`Footer renders correctly 1`] = `
<footer>
  <div
    className="makeStyles-container-1"
  >
    <p
      className="MuiTypography-root MuiTypography-body1"
    >
      Tomáš Bruckner © 2018 - 2019
    </p>
  </div>
</footer>
`;
